10:42:27  arranco · faltan 168 imágenes · salud {'comfyui': True, 'cola': 0, 'swap_mb': 3168}
10:42:37  tanda de 18 encolada · faltan 168 · ritmo 60 s/imagen
10:44:28  día 01 montado · 32 s · 10.7 MB · -13.9 LUFS
10:45:17  día 02 montado · 32 s · 10.7 MB · -14.2 LUFS
10:45:20  portal actualizado · 2 días listos
10:48:15  día 03 montado · 33 s · 12.3 MB · -13.9 LUFS
10:48:16  portal actualizado · 3 días listos
10:52:13  día 04 montado · 32 s · 11.4 MB · -13.3 LUFS
10:52:14  portal actualizado · 4 días listos
10:53:58  día 05 montado · 33 s · 12.3 MB · -13.6 LUFS
10:53:59  portal actualizado · 5 días listos
10:54:07  tanda de 18 encolada · faltan 150 · ritmo 30 s/imagen
10:56:58  día 06 montado · 32 s · 11.2 MB · -13.9 LUFS
10:56:58  portal actualizado · 6 días listos
10:58:49  día 07 montado · 33 s · 12.1 MB · -14.0 LUFS
10:58:50  portal actualizado · 7 días listos
11:01:01  tanda de 18 encolada · faltan 133 · ritmo 20 s/imagen
11:03:10  día 08 montado · 33 s · 11.8 MB · -13.7 LUFS
11:03:14  portal actualizado · 8 días listos
11:09:09  día 09 montado · 33 s · 13.3 MB · -14.0 LUFS
11:09:10  portal actualizado · 9 días listos
11:13:05  día 10 montado · 33 s · 10.7 MB · -13.7 LUFS
11:13:06  portal actualizado · 10 días listos
11:14:16  tanda de 18 encolada · faltan 117 · ritmo 38 s/imagen
11:34:16  día 11 montado · 32 s · 9.9 MB · -14.0 LUFS
11:34:17  portal actualizado · 11 días listos
11:46:40  día 12 montado · 32 s · 12.2 MB · -14.0 LUFS
11:46:41  portal actualizado · 12 días listos
11:51:47  día 13 montado · 33 s · 10.2 MB · -13.8 LUFS
11:51:47  portal actualizado · 13 días listos
11:51:55  tanda de 18 encolada · faltan 99 · ritmo 58 s/imagen
11:53:46  día 14 montado · 31 s · 11.5 MB · -14.2 LUFS
11:53:47  portal actualizado · 14 días listos
11:55:36  día 15 montado · 33 s · 10.7 MB · -13.8 LUFS
11:55:37  portal actualizado · 15 días listos
11:57:26  día 16 montado · 33 s · 13.2 MB · -13.7 LUFS
11:57:26  portal actualizado · 16 días listos
11:57:35  tanda de 18 encolada · faltan 82 · ritmo 19 s/imagen
11:59:22  día 17 montado · 33 s · 9.4 MB · -14.2 LUFS
11:59:23  portal actualizado · 17 días listos
12:02:12  día 18 montado · 33 s · 12.2 MB · -13.9 LUFS
12:02:13  portal actualizado · 18 días listos
12:03:57  día 19 montado · 33 s · 12.7 MB · -13.9 LUFS
12:03:58  portal actualizado · 19 días listos
12:04:06  tanda de 18 encolada · faltan 64 · ritmo 22 s/imagen
12:06:56  día 20 montado · 33 s · 11.7 MB · -14.1 LUFS
12:06:57  portal actualizado · 20 días listos
12:08:47  día 21 montado · 33 s · 12.0 MB · -13.9 LUFS
12:08:48  portal actualizado · 21 días listos
12:11:35  día 22 montado · 33 s · 11.2 MB · -13.3 LUFS
12:11:35  portal actualizado · 22 días listos
12:11:45  tanda de 18 encolada · faltan 46 · ritmo 22 s/imagen
12:16:38  día 23 montado · 32 s · 11.0 MB · -13.7 LUFS
12:16:39  portal actualizado · 23 días listos
12:20:37  día 24 montado · 34 s · 14.6 MB · -13.9 LUFS
12:20:38  portal actualizado · 24 días listos
12:22:22  día 25 montado · 32 s · 12.0 MB · -14.0 LUFS
12:22:23  portal actualizado · 25 días listos
12:22:31  tanda de 18 encolada · faltan 28 · ritmo 20 s/imagen
12:23:43  arranco · faltan 25 imágenes · salud {'comfyui': True, 'cola': 15, 'swap_mb': 10058}
12:25:29  día 01 montado · 33 s · 10.9 MB · -13.9 LUFS
12:26:13  día 02 montado · 32 s · 11.0 MB · -14.1 LUFS
12:26:58  día 03 montado · 33 s · 12.3 MB · -13.9 LUFS
12:27:42  día 04 montado · 32 s · 11.4 MB · -13.3 LUFS
12:28:28  día 05 montado · 33 s · 12.4 MB · -13.6 LUFS
12:29:13  día 06 montado · 32 s · 11.5 MB · -13.9 LUFS
12:29:58  día 07 montado · 34 s · 12.5 MB · -13.9 LUFS
12:30:44  día 08 montado · 33 s · 11.7 MB · -13.7 LUFS
12:31:29  día 09 montado · 33 s · 13.3 MB · -14.0 LUFS
12:32:14  día 10 montado · 33 s · 10.8 MB · -13.7 LUFS
12:32:59  día 11 montado · 32 s · 9.9 MB · -14.0 LUFS
12:33:44  día 12 montado · 33 s · 12.5 MB · -14.0 LUFS
12:34:30  día 13 montado · 33 s · 10.5 MB · -13.8 LUFS
12:35:15  día 14 montado · 33 s · 12.0 MB · -14.2 LUFS
12:36:00  día 15 montado · 33 s · 10.7 MB · -13.8 LUFS
12:36:58  día 16 montado · 33 s · 13.2 MB · -13.7 LUFS
12:37:43  día 17 montado · 33 s · 9.4 MB · -14.2 LUFS
12:38:28  día 18 montado · 33 s · 12.3 MB · -13.9 LUFS
12:39:13  día 19 montado · 33 s · 12.7 MB · -13.9 LUFS
12:39:58  día 20 montado · 33 s · 11.7 MB · -14.1 LUFS
12:40:42  día 21 montado · 33 s · 12.0 MB · -13.9 LUFS
12:41:27  día 22 montado · 33 s · 11.4 MB · -13.3 LUFS
12:42:12  día 23 montado · 32 s · 11.0 MB · -13.7 LUFS
12:42:58  día 24 montado · 34 s · 14.7 MB · -13.9 LUFS
12:43:43  día 25 montado · 32 s · 11.9 MB · -14.0 LUFS
12:44:28  día 26 montado · 33 s · 11.2 MB · -13.8 LUFS
12:45:21  portal actualizado · 26 días listos
12:45:30  tanda de 18 encolada · faltan 23 · ritmo 60 s/imagen
12:50:30  día 27 montado · 33 s · 12.9 MB · -14.0 LUFS
12:50:33  portal actualizado · 27 días listos
12:55:31  día 28 montado · 33 s · 12.6 MB · -13.6 LUFS
12:55:34  portal actualizado · 28 días listos
12:57:40  tanda de 7 encolada · faltan 7 · ritmo 30 s/imagen
12:59:37  día 29 montado · 33 s · 14.0 MB · -14.0 LUFS
12:59:39  portal actualizado · 29 días listos
13:03:28  día 30 montado · 34 s · 13.7 MB · -14.0 LUFS
13:03:30  portal actualizado · 30 días listos
13:03:31  todas las imágenes están
13:03:31  TERMINADO · 30 de 30 días · {'hechas': 190, 'ritmo_s': 30.2, 'reinicios': 0, 'swap_mb': 8432}
